// Jest Snapshot v1, https://goo.gl/fbAQLP

exports[`<ExchangeWrapper /> renders <ExchangeWrapper /> 1`] = `
<withRouter(ExchangeWrapper)
  currencyList={
    Array [
      "usd",
      "eur",
      "gbp",
    ]
  }
  currencyRates={
    Object {
      "eur": Object {
        "currency": "€",
        "id": 2,
        "rate": 0.89194,
      },
      "gbp": Object {
        "currency": "£",
        "id": 3,
        "rate": 0.75913,
      },
      "usd": Object {
        "currency": "$",
        "id": 1,
        "rate": 1,
      },
    }
  }
  exchangePocket={
    Object {
      "eur": Object {
        "amount": 46.38,
        "currency": "eur",
        "currencySymbol": "€",
        "description": "EUR - Euro",
        "id": 2,
      },
      "gbp": Object {
        "amount": 25.63,
        "currency": "gbp",
        "currencySymbol": "£",
        "description": "GBP - British Pound",
        "id": 3,
      },
      "usd": Object {
        "amount": 0.73,
        "currency": "usd",
        "currencySymbol": "$",
        "description": "USD - American Dollar",
        "id": 1,
      },
    }
  }
  mainPocket={
    Object {
      "eur": Object {
        "amount": 46.38,
        "currency": "eur",
        "currencySymbol": "€",
        "description": "EUR - Euro",
        "id": 2,
      },
      "gbp": Object {
        "amount": 25.63,
        "currency": "gbp",
        "currencySymbol": "£",
        "description": "GBP - British Pound",
        "id": 3,
      },
      "usd": Object {
        "amount": 0.73,
        "currency": "usd",
        "currencySymbol": "$",
        "description": "USD - American Dollar",
        "id": 1,
      },
    }
  }
  setCurrencyAmountAction={[Function]}
  store={
    Object {
      "clearActions": [Function],
      "dispatch": [Function],
      "getActions": [Function],
      "getState": [Function],
      "replaceReducer": [Function],
      "subscribe": [Function],
    }
  }
  syncWithMainPocketAction={[Function]}
  updateMainPocketAction={[Function]}
/>
`;
