// Jest Snapshot v1, https://goo.gl/fbAQLP

exports[`<MoneyInput /> renders <MoneyInput /> with passed props 1`] = `
<MoneyInput__Wrapper>
  <MoneyInput__Input
    autoFocus={true}
    name="money-input"
    onChange={[Function]}
    placeholder="amount"
    size={0}
    type="text"
    value=""
  />
</MoneyInput__Wrapper>
`;
